// Jest Snapshot v1, https://goo.gl/fbAQLP

exports[`Button Renders 1`] = `
<div>
  <button
    class="button"
    type="button"
  >
    Button Label
  </button>
</div>
`;
